
 /----------------------------------------------------------------------------\
 |  yosys -- Yosys Open SYnthesis Suite                                       |
 |  Copyright (C) 2012 - 2026  Claire Xenia Wolf <claire@yosyshq.com>         |
 |  Distributed under an ISC-like license, type "license" to see terms        |
 \----------------------------------------------------------------------------/
 Yosys 0.64+159 (git sha1 5197b9c8c-dirty, aarch64-apple-darwin23.5-clang++ 18.1.8 -fPIC -O3)

-- Executing script file `design_smt2.ys' --

1. Executing RTLIL frontend.
Input filename: design_prep.il

2. Executing HIERARCHY pass (managing design hierarchy).
Attribute `top' found on module `shift_reg4_formal'. Setting top module to shift_reg4_formal.

2.1. Analyzing design hierarchy..
Top module:  \shift_reg4_formal

2.2. Analyzing design hierarchy..
Top module:  \shift_reg4_formal
Removed 0 unused modules.
Module shift_reg4_formal directly or indirectly contains formal properties -> setting "keep" attribute.

3. Executing FORMALFF pass.

4. Executing DFFUNMAP pass (unmap clock enable and synchronous reset from FFs).

5. Printing statistics.

=== shift_reg4_formal ===

        +----------Local Count, excluding submodules.
        | 
       28 wires
       31 wire bits
       18 public wires
       21 public wire bits
        2 ports
        2 port bits
       30 cells
       12   $anyinit
        3   $assert
        1   $assume
        3   $eq
        7   $ff
        3   $mux
        1   $not

6. Executing SMT2 backend.

6.1. Executing BMUXMAP pass.

6.2. Executing DEMUXMAP pass.
Creating SMT-LIBv2 representation of module shift_reg4_formal.

End of script. Logfile hash: 5cea0062ab, time: 0.00s, user: 0.02s, system: 0.01s, MEM: 14.17 MB peak
Yosys 0.64+159 (git sha1 5197b9c8c-dirty, aarch64-apple-darwin23.5-clang++ 18.1.8 -fPIC -O3)
Time spent: 70% 2x write_smt2 (0 sec), 14% 2x read_rtlil (0 sec), ...
